// Jest Snapshot v1, https://goo.gl/fbAQLP

exports[`city details snap shot city details 1`] = `
Object {
  "asFragment": [Function],
  "baseElement": <body>
    <div>
      <div
        class="cityWrapper"
      >
        <button
          class="MuiButtonBase-root MuiButton-root MuiButton-outlined MuiButton-outlinedSizeLarge MuiButton-sizeLarge"
          tabindex="0"
          type="button"
        >
          <span
            class="MuiButton-label"
          >
            Back
          </span>
          <span
            class="MuiTouchRipple-root"
          />
        </button>
        <h2>
          Full info about city 
        </h2>
        <div
          class="MuiPaper-root MuiCard-root cityDetailsCard MuiPaper-elevation1 MuiPaper-rounded"
        >
          <div>
            <div>
              temp min:
               
              C
            </div>
            <div>
              temp max:
               
              C
            </div>
            <div>
              feels like:
               
              C
            </div>
            <div
              class="pressure"
            >
              pressuree:
               
            </div>
            <div>
              humidity:
               
            </div>
            <div />
            <div />
          </div>
          <div
            class="wind"
          >
            <nav
              aria-labelledby="nested-list-subheader"
              class="MuiList-root MuiList-padding MuiList-subheader"
            >
              <div
                class="MuiListSubheader-root MuiListSubheader-sticky MuiListSubheader-gutters"
                id="nested-list-subheader"
              >
                Wind
              </div>
              <li
                class="MuiListItem-root MuiListItem-gutters"
              >
                <div
                  class="MuiListItemIcon-root"
                />
                <div
                  class="MuiListItemText-root"
                >
                  <span
                    class="MuiTypography-root MuiListItemText-primary MuiTypography-body1 MuiTypography-displayBlock"
                  >
                    speed: null
                  </span>
                </div>
              </li>
              <li
                class="MuiListItem-root MuiListItem-gutters"
              >
                <div
                  class="MuiListItemIcon-root"
                />
                <div
                  class="MuiListItemText-root"
                >
                  <span
                    class="MuiTypography-root MuiListItemText-primary MuiTypography-body1 MuiTypography-displayBlock"
                  >
                    deg: null
                  </span>
                </div>
              </li>
              <li
                class="MuiListItem-root MuiListItem-gutters"
              >
                <div
                  class="MuiListItemIcon-root"
                />
                <div
                  class="MuiListItemText-root"
                >
                  <span
                    class="MuiTypography-root MuiListItemText-primary MuiTypography-body1 MuiTypography-displayBlock"
                  >
                    gust: null
                  </span>
                </div>
              </li>
            </nav>
          </div>
        </div>
      </div>
    </div>
  </body>,
  "container": <div>
    <div
      class="cityWrapper"
    >
      <button
        class="MuiButtonBase-root MuiButton-root MuiButton-outlined MuiButton-outlinedSizeLarge MuiButton-sizeLarge"
        tabindex="0"
        type="button"
      >
        <span
          class="MuiButton-label"
        >
          Back
        </span>
        <span
          class="MuiTouchRipple-root"
        />
      </button>
      <h2>
        Full info about city 
      </h2>
      <div
        class="MuiPaper-root MuiCard-root cityDetailsCard MuiPaper-elevation1 MuiPaper-rounded"
      >
        <div>
          <div>
            temp min:
             
            C
          </div>
          <div>
            temp max:
             
            C
          </div>
          <div>
            feels like:
             
            C
          </div>
          <div
            class="pressure"
          >
            pressuree:
             
          </div>
          <div>
            humidity:
             
          </div>
          <div />
          <div />
        </div>
        <div
          class="wind"
        >
          <nav
            aria-labelledby="nested-list-subheader"
            class="MuiList-root MuiList-padding MuiList-subheader"
          >
            <div
              class="MuiListSubheader-root MuiListSubheader-sticky MuiListSubheader-gutters"
              id="nested-list-subheader"
            >
              Wind
            </div>
            <li
              class="MuiListItem-root MuiListItem-gutters"
            >
              <div
                class="MuiListItemIcon-root"
              />
              <div
                class="MuiListItemText-root"
              >
                <span
                  class="MuiTypography-root MuiListItemText-primary MuiTypography-body1 MuiTypography-displayBlock"
                >
                  speed: null
                </span>
              </div>
            </li>
            <li
              class="MuiListItem-root MuiListItem-gutters"
            >
              <div
                class="MuiListItemIcon-root"
              />
              <div
                class="MuiListItemText-root"
              >
                <span
                  class="MuiTypography-root MuiListItemText-primary MuiTypography-body1 MuiTypography-displayBlock"
                >
                  deg: null
                </span>
              </div>
            </li>
            <li
              class="MuiListItem-root MuiListItem-gutters"
            >
              <div
                class="MuiListItemIcon-root"
              />
              <div
                class="MuiListItemText-root"
              >
                <span
                  class="MuiTypography-root MuiListItemText-primary MuiTypography-body1 MuiTypography-displayBlock"
                >
                  gust: null
                </span>
              </div>
            </li>
          </nav>
        </div>
      </div>
    </div>
  </div>,
  "debug": [Function],
  "findAllByAltText": [Function],
  "findAllByDisplayValue": [Function],
  "findAllByLabelText": [Function],
  "findAllByPlaceholderText": [Function],
  "findAllByRole": [Function],
  "findAllByTestId": [Function],
  "findAllByText": [Function],
  "findAllByTitle": [Function],
  "findByAltText": [Function],
  "findByDisplayValue": [Function],
  "findByLabelText": [Function],
  "findByPlaceholderText": [Function],
  "findByRole": [Function],
  "findByTestId": [Function],
  "findByText": [Function],
  "findByTitle": [Function],
  "getAllByAltText": [Function],
  "getAllByDisplayValue": [Function],
  "getAllByLabelText": [Function],
  "getAllByPlaceholderText": [Function],
  "getAllByRole": [Function],
  "getAllByTestId": [Function],
  "getAllByText": [Function],
  "getAllByTitle": [Function],
  "getByAltText": [Function],
  "getByDisplayValue": [Function],
  "getByLabelText": [Function],
  "getByPlaceholderText": [Function],
  "getByRole": [Function],
  "getByTestId": [Function],
  "getByText": [Function],
  "getByTitle": [Function],
  "queryAllByAltText": [Function],
  "queryAllByDisplayValue": [Function],
  "queryAllByLabelText": [Function],
  "queryAllByPlaceholderText": [Function],
  "queryAllByRole": [Function],
  "queryAllByTestId": [Function],
  "queryAllByText": [Function],
  "queryAllByTitle": [Function],
  "queryByAltText": [Function],
  "queryByDisplayValue": [Function],
  "queryByLabelText": [Function],
  "queryByPlaceholderText": [Function],
  "queryByRole": [Function],
  "queryByTestId": [Function],
  "queryByText": [Function],
  "queryByTitle": [Function],
  "rerender": [Function],
  "unmount": [Function],
}
`;
